// Jest Snapshot v1, https://goo.gl/fbAQLP

exports[`initPGMock pg.queries should work 1`] = `
Array [
  Array [
    Array [
      Object {
        "parts": Array [
          "SELECT * FROM users WHERE id = ",
          "",
        ],
        "text": "SELECT * FROM users WHERE id = $1",
        "type": Symbol(SQLStatement),
        "values": Array [
          1,
        ],
      },
      Object {
        "parts": Array [
          "SELECT * FROM users WHERE id = ",
          "",
        ],
        "text": "SELECT * FROM users WHERE id = $1",
        "type": Symbol(SQLStatement),
        "values": Array [
          1,
        ],
      },
    ],
  ],
]
`;

exports[`initPGMock pg.query should fail with malformed query 1`] = `
Object {
  "errorCode": "E_INVALID_QUERY",
  "errorParams": Array [
    "SELECT * FROM",
    [Error: syntax error at end of input],
  ],
}
`;

exports[`initPGMock pg.query should work 1`] = `
Array [
  Array [
    Object {
      "parts": Array [
        "SELECT * FROM users WHERE id = ",
        "",
      ],
      "text": "SELECT * FROM users WHERE id = $1",
      "type": Symbol(SQLStatement),
      "values": Array [
        1,
      ],
    },
  ],
]
`;

exports[`initPGMock pg.transaction should work 1`] = `
Array [
  Array [
    Array [
      Object {
        "parts": Array [
          "SELECT * FROM users WHERE id = ",
          "",
        ],
        "text": "SELECT * FROM users WHERE id = $1",
        "type": Symbol(SQLStatement),
        "values": Array [
          1,
        ],
      },
      Object {
        "parts": Array [
          "SELECT * FROM users WHERE id = ",
          "",
        ],
        "text": "SELECT * FROM users WHERE id = $1",
        "type": Symbol(SQLStatement),
        "values": Array [
          1,
        ],
      },
    ],
  ],
]
`;
